ggml_cuda_init: found 1 CUDA devices (Total VRAM: 24124 MiB):
  Device 0: NVIDIA GeForce RTX 3090, compute capability 8.6, VMM: yes, VRAM: 24124 MiB
ggml_backend_cuda_graph_compute: CUDA graph warmup complete
{"case":"f16-k128-m32-n1-pad2","passed":true,"nmse":7.1002016831e-10,"max_abs":0.00193023681641,"us":0,"offset":0,"count":128}
ggml_backend_cuda_graph_compute: CUDA graph warmup complete
{"case":"f16-k128-m32-n1-pad","passed":true,"nmse":6.75929961863e-10,"max_abs":0.00164794921875,"us":0,"offset":512,"count":128}
ggml_backend_cuda_graph_compute: CUDA graph warmup complete
{"case":"f16-k128-m32-n1-contiguous","passed":true,"nmse":8.04551536205e-10,"max_abs":0.00223159790039,"us":0,"offset":1024,"count":128}
ggml_backend_cuda_graph_compute: CUDA graph warmup complete
{"case":"f16-k128-m32-n1-permute","passed":true,"nmse":8.51362971104e-10,"max_abs":0.00250244140625,"us":0,"offset":1536,"count":128}
ggml_backend_cuda_graph_compute: CUDA graph warmup complete
{"case":"f16-k128-m32-n4-pad2","passed":true,"nmse":7.90861097691e-10,"max_abs":0.00240898132324,"us":0,"offset":2048,"count":512}
ggml_backend_cuda_graph_compute: CUDA graph warmup complete
{"case":"f16-k128-m32-n4-pad","passed":true,"nmse":5.66812885771e-13,"max_abs":5.72204589844e-05,"us":0,"offset":4096,"count":512}
ggml_backend_cuda_graph_compute: CUDA graph warmup complete
{"case":"f16-k128-m32-n4-contiguous","passed":true,"nmse":5.51480713904e-13,"max_abs":5.34057617188e-05,"us":0,"offset":6144,"count":512}
ggml_backend_cuda_graph_compute: CUDA graph warmup complete
{"case":"f16-k128-m32-n4-permute","passed":true,"nmse":5.55100770313e-13,"max_abs":5.34057617188e-05,"us":0,"offset":8192,"count":512}
ggml_backend_cuda_graph_compute: CUDA graph warmup complete
{"case":"f16-k128-m32-n8-pad2","passed":true,"nmse":8.65627901262e-10,"max_abs":0.00267791748047,"us":0,"offset":10240,"count":1024}
ggml_backend_cuda_graph_compute: CUDA graph warmup complete
{"case":"f16-k128-m32-n8-pad","passed":true,"nmse":5.34596190578e-13,"max_abs":6.103515625e-05,"us":0,"offset":14336,"count":1024}
ggml_backend_cuda_graph_compute: CUDA graph warmup complete
{"case":"f16-k128-m32-n8-contiguous","passed":true,"nmse":5.47969396004e-13,"max_abs":5.34057617188e-05,"us":0,"offset":18432,"count":1024}
ggml_backend_cuda_graph_compute: CUDA graph warmup complete
{"case":"f16-k128-m32-n8-permute","passed":true,"nmse":5.52232164483e-13,"max_abs":5.34057617188e-05,"us":0,"offset":22528,"count":1024}
ggml_backend_cuda_graph_compute: CUDA graph warmup complete
{"case":"f16-k128-m32-n9-pad2","passed":true,"nmse":5.05083308905e-07,"max_abs":0.0941352844238,"us":0,"offset":26624,"count":1152}
ggml_backend_cuda_graph_compute: CUDA graph warmup complete
{"case":"f16-k128-m32-n9-pad","passed":true,"nmse":5.49607774755e-13,"max_abs":6.103515625e-05,"us":0,"offset":31232,"count":1152}
ggml_backend_cuda_graph_compute: CUDA graph warmup complete
{"case":"f16-k128-m32-n9-contiguous","passed":true,"nmse":5.49600298546e-13,"max_abs":4.95910644531e-05,"us":0,"offset":35840,"count":1152}
ggml_backend_cuda_graph_compute: CUDA graph warmup complete
{"case":"f16-k128-m32-n9-permute","passed":true,"nmse":5.44011218556e-13,"max_abs":5.34057617188e-05,"us":0,"offset":40448,"count":1152}
ggml_backend_cuda_graph_compute: CUDA graph warmup complete
{"case":"f16-k128-m32-n16-pad2","passed":true,"nmse":5.08014044061e-07,"max_abs":0.0974922180176,"us":0,"offset":45056,"count":2048}
ggml_backend_cuda_graph_compute: CUDA graph warmup complete
{"case":"f16-k128-m32-n16-pad","passed":true,"nmse":5.69603719702e-13,"max_abs":5.34057617188e-05,"us":0,"offset":53248,"count":2048}
ggml_backend_cuda_graph_compute: CUDA graph warmup complete
{"case":"f16-k128-m32-n16-contiguous","passed":true,"nmse":5.77251838307e-13,"max_abs":5.72204589844e-05,"us":0,"offset":61440,"count":2048}
ggml_backend_cuda_graph_compute: CUDA graph warmup complete
{"case":"f16-k128-m32-n16-permute","passed":true,"nmse":5.6234283387e-13,"max_abs":5.34057617188e-05,"us":0,"offset":69632,"count":2048}
ggml_backend_cuda_graph_compute: CUDA graph warmup complete
{"case":"f16-k128-m32-n32-pad2","passed":true,"nmse":2.62284149292e-07,"max_abs":0.0705223083496,"us":0,"offset":77824,"count":4096}
ggml_backend_cuda_graph_compute: CUDA graph warmup complete
{"case":"f16-k128-m32-n32-pad","passed":true,"nmse":2.82438132728e-07,"max_abs":0.0811996459961,"us":0,"offset":94208,"count":4096}
ggml_backend_cuda_graph_compute: CUDA graph warmup complete
{"case":"f16-k128-m32-n32-contiguous","passed":true,"nmse":2.94651263456e-07,"max_abs":0.0651168823242,"us":0,"offset":110592,"count":4096}
ggml_backend_cuda_graph_compute: CUDA graph warmup complete
{"case":"f16-k128-m32-n32-permute","passed":true,"nmse":2.91041556501e-07,"max_abs":0.069694519043,"us":0,"offset":126976,"count":4096}
ggml_backend_cuda_graph_compute: CUDA graph warmup complete
{"case":"f16-k128-m512-n1-pad2","passed":true,"nmse":7.89435528143e-10,"max_abs":0.00272750854492,"us":0,"offset":143360,"count":2048}
ggml_backend_cuda_graph_compute: CUDA graph warmup complete
{"case":"f16-k128-m512-n1-pad","passed":true,"nmse":8.22932774641e-10,"max_abs":0.00328826904297,"us":0,"offset":151552,"count":2048}
ggml_backend_cuda_graph_compute: CUDA graph warmup complete
{"case":"f16-k128-m512-n1-contiguous","passed":true,"nmse":7.84335329536e-10,"max_abs":0.00302886962891,"us":0,"offset":159744,"count":2048}
ggml_backend_cuda_graph_compute: CUDA graph warmup complete
{"case":"f16-k128-m512-n1-permute","passed":true,"nmse":8.12392932383e-10,"max_abs":0.00328063964844,"us":0,"offset":167936,"count":2048}
ggml_backend_cuda_graph_compute: CUDA graph warmup complete
{"case":"f16-k128-m512-n4-pad2","passed":true,"nmse":8.89566913347e-10,"max_abs":0.00322723388672,"us":0,"offset":176128,"count":8192}
ggml_backend_cuda_graph_compute: CUDA graph warmup complete
{"case":"f16-k128-m512-n4-pad","passed":true,"nmse":5.66686641508e-13,"max_abs":6.103515625e-05,"us":0,"offset":208896,"count":8192}
ggml_backend_cuda_graph_compute: CUDA graph warmup complete
{"case":"f16-k128-m512-n4-contiguous","passed":true,"nmse":5.67726672888e-13,"max_abs":5.72204589844e-05,"us":0,"offset":241664,"count":8192}
ggml_backend_cuda_graph_compute: CUDA graph warmup complete
{"case":"f16-k128-m512-n4-permute","passed":true,"nmse":5.65492858416e-13,"max_abs":6.48498535156e-05,"us":0,"offset":274432,"count":8192}
ggml_backend_cuda_graph_compute: CUDA graph warmup complete
{"case":"f16-k128-m512-n8-pad2","passed":true,"nmse":8.73396927097e-10,"max_abs":0.00368499755859,"us":0,"offset":307200,"count":16384}
ggml_backend_cuda_graph_compute: CUDA graph warmup complete
{"case":"f16-k128-m512-n8-pad","passed":true,"nmse":5.6346853297e-13,"max_abs":6.103515625e-05,"us":0,"offset":372736,"count":16384}
ggml_backend_cuda_graph_compute: CUDA graph warmup complete
{"case":"f16-k128-m512-n8-contiguous","passed":true,"nmse":5.68651967994e-13,"max_abs":6.103515625e-05,"us":0,"offset":438272,"count":16384}
ggml_backend_cuda_graph_compute: CUDA graph warmup complete
{"case":"f16-k128-m512-n8-permute","passed":true,"nmse":5.71514395053e-13,"max_abs":6.48498535156e-05,"us":0,"offset":503808,"count":16384}
ggml_backend_cuda_graph_compute: CUDA graph warmup complete
{"case":"f16-k128-m512-n9-pad2","passed":true,"nmse":5.08986313738e-07,"max_abs":0.105686187744,"us":0,"offset":569344,"count":18432}
ggml_backend_cuda_graph_compute: CUDA graph warmup complete
{"case":"f16-k128-m512-n9-pad","passed":true,"nmse":5.63381853581e-13,"max_abs":6.103515625e-05,"us":0,"offset":643072,"count":18432}
ggml_backend_cuda_graph_compute: CUDA graph warmup complete
{"case":"f16-k128-m512-n9-contiguous","passed":true,"nmse":5.65358349933e-13,"max_abs":6.103515625e-05,"us":0,"offset":716800,"count":18432}
ggml_backend_cuda_graph_compute: CUDA graph warmup complete
{"case":"f16-k128-m512-n9-permute","passed":true,"nmse":5.65236580589e-13,"max_abs":6.48498535156e-05,"us":0,"offset":790528,"count":18432}
ggml_backend_cuda_graph_compute: CUDA graph warmup complete
{"case":"f16-k128-m512-n16-pad2","passed":true,"nmse":5.0706144964e-07,"max_abs":0.105686187744,"us":0,"offset":864256,"count":32768}
ggml_backend_cuda_graph_compute: CUDA graph warmup complete
{"case":"f16-k128-m512-n16-pad","passed":true,"nmse":5.69925364361e-13,"max_abs":6.103515625e-05,"us":0,"offset":995328,"count":32768}
ggml_backend_cuda_graph_compute: CUDA graph warmup complete
{"case":"f16-k128-m512-n16-contiguous","passed":true,"nmse":5.70657718015e-13,"max_abs":6.103515625e-05,"us":0,"offset":1126400,"count":32768}
ggml_backend_cuda_graph_compute: CUDA graph warmup complete
{"case":"f16-k128-m512-n16-permute","passed":true,"nmse":5.71251221595e-13,"max_abs":6.48498535156e-05,"us":0,"offset":1257472,"count":32768}
ggml_backend_cuda_graph_compute: CUDA graph warmup complete
{"case":"f16-k128-m512-n32-pad2","passed":true,"nmse":2.70532274771e-07,"max_abs":0.0921173095703,"us":0,"offset":1388544,"count":65536}
ggml_backend_cuda_graph_compute: CUDA graph warmup complete
{"case":"f16-k128-m512-n32-pad","passed":true,"nmse":2.75656418173e-07,"max_abs":0.0811996459961,"us":0,"offset":1650688,"count":65536}
ggml_backend_cuda_graph_compute: CUDA graph warmup complete
{"case":"f16-k128-m512-n32-contiguous","passed":true,"nmse":2.74252675651e-07,"max_abs":0.0852584838867,"us":0,"offset":1912832,"count":65536}
ggml_backend_cuda_graph_compute: CUDA graph warmup complete
{"case":"f16-k128-m512-n32-permute","passed":true,"nmse":2.74491679378e-07,"max_abs":0.077995300293,"us":0,"offset":2174976,"count":65536}
ggml_backend_cuda_graph_compute: CUDA graph warmup complete
{"case":"f16-k128-m513-n1-pad2","passed":true,"nmse":2.77449241294e-07,"max_abs":0.0762748718262,"us":0,"offset":2437120,"count":2052}
ggml_backend_cuda_graph_compute: CUDA graph warmup complete
{"case":"f16-k128-m513-n1-pad","passed":true,"nmse":2.58922632752e-07,"max_abs":0.0811996459961,"us":0,"offset":2445328,"count":2052}
ggml_backend_cuda_graph_compute: CUDA graph warmup complete
{"case":"f16-k128-m513-n1-contiguous","passed":true,"nmse":2.76422192862e-07,"max_abs":0.0701103210449,"us":0,"offset":2453536,"count":2052}
ggml_backend_cuda_graph_compute: CUDA graph warmup complete
{"case":"f16-k128-m513-n1-permute","passed":true,"nmse":2.7781430266e-07,"max_abs":0.0705642700195,"us":0,"offset":2461744,"count":2052}
ggml_backend_cuda_graph_compute: CUDA graph warmup complete
{"case":"f16-k128-m513-n4-pad2","passed":true,"nmse":5.1176739779e-07,"max_abs":0.0941352844238,"us":0,"offset":2469952,"count":8208}
ggml_backend_cuda_graph_compute: CUDA graph warmup complete
{"case":"f16-k128-m513-n4-pad","passed":true,"nmse":5.34153393184e-07,"max_abs":0.0950088500977,"us":0,"offset":2502784,"count":8208}
ggml_backend_cuda_graph_compute: CUDA graph warmup complete
{"case":"f16-k128-m513-n4-contiguous","passed":true,"nmse":5.15547120174e-07,"max_abs":0.109603881836,"us":0,"offset":2535616,"count":8208}
ggml_backend_cuda_graph_compute: CUDA graph warmup complete
{"case":"f16-k128-m513-n4-permute","passed":true,"nmse":5.1231592463e-07,"max_abs":0.110816955566,"us":0,"offset":2568448,"count":8208}
ggml_backend_cuda_graph_compute: CUDA graph warmup complete
{"case":"f16-k128-m513-n8-pad2","passed":true,"nmse":5.05463924268e-07,"max_abs":0.105686187744,"us":0,"offset":2601280,"count":16416}
ggml_backend_cuda_graph_compute: CUDA graph warmup complete
{"case":"f16-k128-m513-n8-pad","passed":true,"nmse":5.12568540629e-07,"max_abs":0.101432800293,"us":0,"offset":2666944,"count":16416}
ggml_backend_cuda_graph_compute: CUDA graph warmup complete
{"case":"f16-k128-m513-n8-contiguous","passed":true,"nmse":5.27813053576e-07,"max_abs":0.106071472168,"us":0,"offset":2732608,"count":16416}
ggml_backend_cuda_graph_compute: CUDA graph warmup complete
{"case":"f16-k128-m513-n8-permute","passed":true,"nmse":5.08569011897e-07,"max_abs":0.109603881836,"us":0,"offset":2798272,"count":16416}
ggml_backend_cuda_graph_compute: CUDA graph warmup complete
{"case":"f16-k128-m513-n9-pad2","passed":true,"nmse":5.09903029811e-07,"max_abs":0.105686187744,"us":0,"offset":2863936,"count":18468}
ggml_backend_cuda_graph_compute: CUDA graph warmup complete
{"case":"f16-k128-m513-n9-pad","passed":true,"nmse":5.11714666361e-07,"max_abs":0.101432800293,"us":0,"offset":2937808,"count":18468}
ggml_backend_cuda_graph_compute: CUDA graph warmup complete
{"case":"f16-k128-m513-n9-contiguous","passed":true,"nmse":5.26196030705e-07,"max_abs":0.0943374633789,"us":0,"offset":3011680,"count":18468}
ggml_backend_cuda_graph_compute: CUDA graph warmup complete
{"case":"f16-k128-m513-n9-permute","passed":true,"nmse":5.14638290498e-07,"max_abs":0.109603881836,"us":0,"offset":3085552,"count":18468}
ggml_backend_cuda_graph_compute: CUDA graph warmup complete
{"case":"f16-k128-m513-n16-pad2","passed":true,"nmse":5.07530846062e-07,"max_abs":0.105686187744,"us":0,"offset":3159424,"count":32832}
ggml_backend_cuda_graph_compute: CUDA graph warmup complete
{"case":"f16-k128-m513-n16-pad","passed":true,"nmse":5.16028446055e-07,"max_abs":0.127975463867,"us":0,"offset":3290752,"count":32832}
ggml_backend_cuda_graph_compute: CUDA graph warmup complete
{"case":"f16-k128-m513-n16-contiguous","passed":true,"nmse":5.18491770022e-07,"max_abs":0.127975463867,"us":0,"offset":3422080,"count":32832}
ggml_backend_cuda_graph_compute: CUDA graph warmup complete
{"case":"f16-k128-m513-n16-permute","passed":true,"nmse":5.10478410976e-07,"max_abs":0.114849090576,"us":0,"offset":3553408,"count":32832}
ggml_backend_cuda_graph_compute: CUDA graph warmup complete
{"case":"f16-k128-m513-n32-pad2","passed":true,"nmse":2.70514674949e-07,"max_abs":0.0921173095703,"us":0,"offset":3684736,"count":65664}
ggml_backend_cuda_graph_compute: CUDA graph warmup complete
{"case":"f16-k128-m513-n32-pad","passed":true,"nmse":2.75768320935e-07,"max_abs":0.0811996459961,"us":0,"offset":3947392,"count":65664}
ggml_backend_cuda_graph_compute: CUDA graph warmup complete
{"case":"f16-k128-m513-n32-contiguous","passed":true,"nmse":2.74603576003e-07,"max_abs":0.0852584838867,"us":0,"offset":4210048,"count":65664}
ggml_backend_cuda_graph_compute: CUDA graph warmup complete
{"case":"f16-k128-m513-n32-permute","passed":true,"nmse":2.7456346946e-07,"max_abs":0.077995300293,"us":0,"offset":4472704,"count":65664}
ggml_backend_cuda_graph_compute: CUDA graph warmup complete
{"case":"f16-k130-m32-n1-pad2","passed":true,"nmse":7.60741572149e-10,"max_abs":0.00239562988281,"us":0,"offset":4735360,"count":128}
ggml_backend_cuda_graph_compute: CUDA graph warmup complete
{"case":"f16-k130-m32-n1-pad","passed":true,"nmse":9.08771044258e-10,"max_abs":0.00201034545898,"us":0,"offset":4735872,"count":128}
ggml_backend_cuda_graph_compute: CUDA graph warmup complete
{"case":"f16-k130-m32-n1-contiguous","passed":true,"nmse":7.18615966564e-10,"max_abs":0.00189399719238,"us":0,"offset":4736384,"count":128}
ggml_backend_cuda_graph_compute: CUDA graph warmup complete
{"case":"f16-k130-m32-n1-permute","passed":true,"nmse":6.4326628574e-10,"max_abs":0.00189399719238,"us":0,"offset":4736896,"count":128}
ggml_backend_cuda_graph_compute: CUDA graph warmup complete
{"case":"f16-k130-m32-n4-pad2","passed":true,"nmse":8.47011542255e-10,"max_abs":0.00272750854492,"us":0,"offset":4737408,"count":512}
ggml_backend_cuda_graph_compute: CUDA graph warmup complete
{"case":"f16-k130-m32-n4-pad","passed":true,"nmse":8.09875152241e-10,"max_abs":0.00253486633301,"us":0,"offset":4739456,"count":512}
ggml_backend_cuda_graph_compute: CUDA graph warmup complete
{"case":"f16-k130-m32-n4-contiguous","passed":true,"nmse":9.44429747227e-10,"max_abs":0.00284957885742,"us":0,"offset":4741504,"count":512}
ggml_backend_cuda_graph_compute: CUDA graph warmup complete
{"case":"f16-k130-m32-n4-permute","passed":true,"nmse":8.52780450551e-10,"max_abs":0.00292205810547,"us":0,"offset":4743552,"count":512}
ggml_backend_cuda_graph_compute: CUDA graph warmup complete
{"case":"f16-k130-m32-n8-pad2","passed":true,"nmse":7.84905994291e-10,"max_abs":0.00304794311523,"us":0,"offset":4745600,"count":1024}
ggml_backend_cuda_graph_compute: CUDA graph warmup complete
{"case":"f16-k130-m32-n8-pad","passed":true,"nmse":8.53683008803e-10,"max_abs":0.00322341918945,"us":0,"offset":4749696,"count":1024}
ggml_backend_cuda_graph_compute: CUDA graph warmup complete
{"case":"f16-k130-m32-n8-contiguous","passed":true,"nmse":8.13312657981e-10,"max_abs":0.00272464752197,"us":0,"offset":4753792,"count":1024}
ggml_backend_cuda_graph_compute: CUDA graph warmup complete
{"case":"f16-k130-m32-n8-permute","passed":true,"nmse":8.37001879659e-10,"max_abs":0.00271987915039,"us":0,"offset":4757888,"count":1024}
ggml_backend_cuda_graph_compute: CUDA graph warmup complete
{"case":"f16-k130-m32-n9-pad2","passed":true,"nmse":4.93362209837e-07,"max_abs":0.0845146179199,"us":0,"offset":4761984,"count":1152}
ggml_backend_cuda_graph_compute: CUDA graph warmup complete
{"case":"f16-k130-m32-n9-pad","passed":true,"nmse":5.14255974975e-07,"max_abs":0.0904769897461,"us":0,"offset":4766592,"count":1152}
ggml_backend_cuda_graph_compute: CUDA graph warmup complete
{"case":"f16-k130-m32-n9-contiguous","passed":true,"nmse":4.85064729756e-07,"max_abs":0.102584838867,"us":0,"offset":4771200,"count":1152}
ggml_backend_cuda_graph_compute: CUDA graph warmup complete
{"case":"f16-k130-m32-n9-permute","passed":true,"nmse":5.19875718708e-07,"max_abs":0.0803527832031,"us":0,"offset":4775808,"count":1152}
ggml_backend_cuda_graph_compute: CUDA graph warmup complete
{"case":"f16-k130-m32-n16-pad2","passed":true,"nmse":4.96972508505e-07,"max_abs":0.106491088867,"us":0,"offset":4780416,"count":2048}
ggml_backend_cuda_graph_compute: CUDA graph warmup complete
{"case":"f16-k130-m32-n16-pad","passed":true,"nmse":4.9139507032e-07,"max_abs":0.122749328613,"us":0,"offset":4788608,"count":2048}
ggml_backend_cuda_graph_compute: CUDA graph warmup complete
{"case":"f16-k130-m32-n16-contiguous","passed":true,"nmse":5.00287190285e-07,"max_abs":0.11612701416,"us":0,"offset":4796800,"count":2048}
ggml_backend_cuda_graph_compute: CUDA graph warmup complete
{"case":"f16-k130-m32-n16-permute","passed":true,"nmse":4.89080021121e-07,"max_abs":0.11612701416,"us":0,"offset":4804992,"count":2048}
ggml_backend_cuda_graph_compute: CUDA graph warmup complete
{"case":"f16-k130-m32-n32-pad2","passed":true,"nmse":2.66299650571e-07,"max_abs":0.0689849853516,"us":0,"offset":4813184,"count":4096}
ggml_backend_cuda_graph_compute: CUDA graph warmup complete
{"case":"f16-k130-m32-n32-pad","passed":true,"nmse":2.74363760649e-07,"max_abs":0.0689086914062,"us":0,"offset":4829568,"count":4096}
ggml_backend_cuda_graph_compute: CUDA graph warmup complete
{"case":"f16-k130-m32-n32-contiguous","passed":true,"nmse":2.81970188307e-07,"max_abs":0.0686454772949,"us":0,"offset":4845952,"count":4096}
ggml_backend_cuda_graph_compute: CUDA graph warmup complete
{"case":"f16-k130-m32-n32-permute","passed":true,"nmse":2.73857092045e-07,"max_abs":0.0745887756348,"us":0,"offset":4862336,"count":4096}
ggml_backend_cuda_graph_compute: CUDA graph warmup complete
{"case":"f16-k130-m512-n1-pad2","passed":true,"nmse":7.75690489141e-10,"max_abs":0.00300598144531,"us":0,"offset":4878720,"count":2048}
ggml_backend_cuda_graph_compute: CUDA graph warmup complete
{"case":"f16-k130-m512-n1-pad","passed":true,"nmse":8.17986182557e-10,"max_abs":0.00323104858398,"us":0,"offset":4886912,"count":2048}
ggml_backend_cuda_graph_compute: CUDA graph warmup complete
{"case":"f16-k130-m512-n1-contiguous","passed":true,"nmse":7.95112106532e-10,"max_abs":0.00309371948242,"us":0,"offset":4895104,"count":2048}
ggml_backend_cuda_graph_compute: CUDA graph warmup complete
{"case":"f16-k130-m512-n1-permute","passed":true,"nmse":7.65937525888e-10,"max_abs":0.00292205810547,"us":0,"offset":4903296,"count":2048}
ggml_backend_cuda_graph_compute: CUDA graph warmup complete
{"case":"f16-k130-m512-n4-pad2","passed":true,"nmse":8.85267279293e-10,"max_abs":0.00380706787109,"us":0,"offset":4911488,"count":8192}
ggml_backend_cuda_graph_compute: CUDA graph warmup complete
{"case":"f16-k130-m512-n4-pad","passed":true,"nmse":8.93220653527e-10,"max_abs":0.00342178344727,"us":0,"offset":4944256,"count":8192}
ggml_backend_cuda_graph_compute: CUDA graph warmup complete
{"case":"f16-k130-m512-n4-contiguous","passed":true,"nmse":8.56033136798e-10,"max_abs":0.00328826904297,"us":0,"offset":4977024,"count":8192}
ggml_backend_cuda_graph_compute: CUDA graph warmup complete
{"case":"f16-k130-m512-n4-permute","passed":true,"nmse":8.80351627658e-10,"max_abs":0.00343704223633,"us":0,"offset":5009792,"count":8192}
ggml_backend_cuda_graph_compute: CUDA graph warmup complete
{"case":"f16-k130-m512-n8-pad2","passed":true,"nmse":8.52047250069e-10,"max_abs":0.00347137451172,"us":0,"offset":5042560,"count":16384}
ggml_backend_cuda_graph_compute: CUDA graph warmup complete
{"case":"f16-k130-m512-n8-pad","passed":true,"nmse":8.47834207424e-10,"max_abs":0.00367736816406,"us":0,"offset":5108096,"count":16384}
ggml_backend_cuda_graph_compute: CUDA graph warmup complete
{"case":"f16-k130-m512-n8-contiguous","passed":true,"nmse":8.68601663124e-10,"max_abs":0.00360298156738,"us":0,"offset":5173632,"count":16384}
ggml_backend_cuda_graph_compute: CUDA graph warmup complete
{"case":"f16-k130-m512-n8-permute","passed":true,"nmse":8.58663730179e-10,"max_abs":0.00360298156738,"us":0,"offset":5239168,"count":16384}
ggml_backend_cuda_graph_compute: CUDA graph warmup complete
{"case":"f16-k130-m512-n9-pad2","passed":true,"nmse":5.20029519885e-07,"max_abs":0.113975524902,"us":0,"offset":5304704,"count":18432}
ggml_backend_cuda_graph_compute: CUDA graph warmup complete
{"case":"f16-k130-m512-n9-pad","passed":true,"nmse":5.19466015048e-07,"max_abs":0.129558563232,"us":0,"offset":5378432,"count":18432}
ggml_backend_cuda_graph_compute: CUDA graph warmup complete
{"case":"f16-k130-m512-n9-contiguous","passed":true,"nmse":5.2475385311e-07,"max_abs":0.11499786377,"us":0,"offset":5452160,"count":18432}
ggml_backend_cuda_graph_compute: CUDA graph warmup complete
{"case":"f16-k130-m512-n9-permute","passed":true,"nmse":5.20222325086e-07,"max_abs":0.0996856689453,"us":0,"offset":5525888,"count":18432}
ggml_backend_cuda_graph_compute: CUDA graph warmup complete
{"case":"f16-k130-m512-n16-pad2","passed":true,"nmse":5.12281438006e-07,"max_abs":0.105697631836,"us":0,"offset":5599616,"count":32768}
ggml_backend_cuda_graph_compute: CUDA graph warmup complete
{"case":"f16-k130-m512-n16-pad","passed":true,"nmse":5.25891612175e-07,"max_abs":0.129558563232,"us":0,"offset":5730688,"count":32768}
ggml_backend_cuda_graph_compute: CUDA graph warmup complete
{"case":"f16-k130-m512-n16-contiguous","passed":true,"nmse":5.25700324467e-07,"max_abs":0.109493255615,"us":0,"offset":5861760,"count":32768}
ggml_backend_cuda_graph_compute: CUDA graph warmup complete
{"case":"f16-k130-m512-n16-permute","passed":true,"nmse":5.20294501255e-07,"max_abs":0.122665405273,"us":0,"offset":5992832,"count":32768}
ggml_backend_cuda_graph_compute: CUDA graph warmup complete
{"case":"f16-k130-m512-n32-pad2","passed":true,"nmse":2.79445195112e-07,"max_abs":0.0848083496094,"us":0,"offset":6123904,"count":65536}
ggml_backend_cuda_graph_compute: CUDA graph warmup complete
{"case":"f16-k130-m512-n32-pad","passed":true,"nmse":2.81225373672e-07,"max_abs":0.0853881835938,"us":0,"offset":6386048,"count":65536}
ggml_backend_cuda_graph_compute: CUDA graph warmup complete
{"case":"f16-k130-m512-n32-contiguous","passed":true,"nmse":2.79494498424e-07,"max_abs":0.0859222412109,"us":0,"offset":6648192,"count":65536}
ggml_backend_cuda_graph_compute: CUDA graph warmup complete
{"case":"f16-k130-m512-n32-permute","passed":true,"nmse":2.77028178309e-07,"max_abs":0.0859222412109,"us":0,"offset":6910336,"count":65536}
ggml_backend_cuda_graph_compute: CUDA graph warmup complete
{"case":"f16-k130-m513-n1-pad2","passed":true,"nmse":2.75431403024e-07,"max_abs":0.0679550170898,"us":0,"offset":7172480,"count":2052}
ggml_backend_cuda_graph_compute: CUDA graph warmup complete
{"case":"f16-k130-m513-n1-pad","passed":true,"nmse":2.95333166007e-07,"max_abs":0.0744705200195,"us":0,"offset":7180688,"count":2052}
ggml_backend_cuda_graph_compute: CUDA graph warmup complete
{"case":"f16-k130-m513-n1-contiguous","passed":true,"nmse":2.84566770042e-07,"max_abs":0.0604515075684,"us":0,"offset":7188896,"count":2052}
ggml_backend_cuda_graph_compute: CUDA graph warmup complete
{"case":"f16-k130-m513-n1-permute","passed":true,"nmse":2.64820142189e-07,"max_abs":0.0614471435547,"us":0,"offset":7197104,"count":2052}
ggml_backend_cuda_graph_compute: CUDA graph warmup complete
{"case":"f16-k130-m513-n4-pad2","passed":true,"nmse":5.03841756523e-07,"max_abs":0.116962432861,"us":0,"offset":7205312,"count":8208}
ggml_backend_cuda_graph_compute: CUDA graph warmup complete
{"case":"f16-k130-m513-n4-pad","passed":true,"nmse":5.27697268635e-07,"max_abs":0.129558563232,"us":0,"offset":7238144,"count":8208}
ggml_backend_cuda_graph_compute: CUDA graph warmup complete
{"case":"f16-k130-m513-n4-contiguous","passed":true,"nmse":5.20178726263e-07,"max_abs":0.107776641846,"us":0,"offset":7270976,"count":8208}
ggml_backend_cuda_graph_compute: CUDA graph warmup complete
{"case":"f16-k130-m513-n4-permute","passed":true,"nmse":4.90410935517e-07,"max_abs":0.107776641846,"us":0,"offset":7303808,"count":8208}
ggml_backend_cuda_graph_compute: CUDA graph warmup complete
{"case":"f16-k130-m513-n8-pad2","passed":true,"nmse":5.12210447039e-07,"max_abs":0.110187530518,"us":0,"offset":7336640,"count":16416}
ggml_backend_cuda_graph_compute: CUDA graph warmup complete
{"case":"f16-k130-m513-n8-pad","passed":true,"nmse":5.21742138881e-07,"max_abs":0.129558563232,"us":0,"offset":7402304,"count":16416}
ggml_backend_cuda_graph_compute: CUDA graph warmup complete
{"case":"f16-k130-m513-n8-contiguous","passed":true,"nmse":5.17979189131e-07,"max_abs":0.11499786377,"us":0,"offset":7467968,"count":16416}
ggml_backend_cuda_graph_compute: CUDA graph warmup complete
{"case":"f16-k130-m513-n8-permute","passed":true,"nmse":5.19958142137e-07,"max_abs":0.0970115661621,"us":0,"offset":7533632,"count":16416}
ggml_backend_cuda_graph_compute: CUDA graph warmup complete
{"case":"f16-k130-m513-n9-pad2","passed":true,"nmse":5.20309515938e-07,"max_abs":0.113975524902,"us":0,"offset":7599296,"count":18468}
ggml_backend_cuda_graph_compute: CUDA graph warmup complete
{"case":"f16-k130-m513-n9-pad","passed":true,"nmse":5.20329746203e-07,"max_abs":0.129558563232,"us":0,"offset":7673168,"count":18468}
ggml_backend_cuda_graph_compute: CUDA graph warmup complete
{"case":"f16-k130-m513-n9-contiguous","passed":true,"nmse":5.25467016723e-07,"max_abs":0.11499786377,"us":0,"offset":7747040,"count":18468}
ggml_backend_cuda_graph_compute: CUDA graph warmup complete
{"case":"f16-k130-m513-n9-permute","passed":true,"nmse":5.20411093454e-07,"max_abs":0.0996856689453,"us":0,"offset":7820912,"count":18468}
ggml_backend_cuda_graph_compute: CUDA graph warmup complete
{"case":"f16-k130-m513-n16-pad2","passed":true,"nmse":5.11598412828e-07,"max_abs":0.105697631836,"us":0,"offset":7894784,"count":32832}
ggml_backend_cuda_graph_compute: CUDA graph warmup complete
{"case":"f16-k130-m513-n16-pad","passed":true,"nmse":5.2596786488e-07,"max_abs":0.129558563232,"us":0,"offset":8026112,"count":32832}
ggml_backend_cuda_graph_compute: CUDA graph warmup complete
{"case":"f16-k130-m513-n16-contiguous","passed":true,"nmse":5.25899411971e-07,"max_abs":0.109493255615,"us":0,"offset":8157440,"count":32832}
ggml_backend_cuda_graph_compute: CUDA graph warmup complete
{"case":"f16-k130-m513-n16-permute","passed":true,"nmse":5.20821707782e-07,"max_abs":0.122665405273,"us":0,"offset":8288768,"count":32832}
ggml_backend_cuda_graph_compute: CUDA graph warmup complete
{"case":"f16-k130-m513-n32-pad2","passed":true,"nmse":2.79452417137e-07,"max_abs":0.0848083496094,"us":0,"offset":8420096,"count":65664}
ggml_backend_cuda_graph_compute: CUDA graph warmup complete
{"case":"f16-k130-m513-n32-pad","passed":true,"nmse":2.81124763661e-07,"max_abs":0.0853881835938,"us":0,"offset":8682752,"count":65664}
ggml_backend_cuda_graph_compute: CUDA graph warmup complete
{"case":"f16-k130-m513-n32-contiguous","passed":true,"nmse":2.79388177406e-07,"max_abs":0.0859222412109,"us":0,"offset":8945408,"count":65664}
ggml_backend_cuda_graph_compute: CUDA graph warmup complete
{"case":"f16-k130-m513-n32-permute","passed":true,"nmse":2.77184148176e-07,"max_abs":0.0859222412109,"us":0,"offset":9208064,"count":65664}
ggml_backend_cuda_graph_compute: CUDA graph warmup complete
{"case":"bf16-k128-m32-n1-pad2","passed":true,"nmse":2.69863728937e-08,"max_abs":0.0145704746246,"us":0,"offset":9470720,"count":128}
ggml_backend_cuda_graph_compute: CUDA graph warmup complete
{"case":"bf16-k128-m32-n1-pad","passed":true,"nmse":2.41381265279e-08,"max_abs":0.0104970932007,"us":0,"offset":9471232,"count":128}
ggml_backend_cuda_graph_compute: CUDA graph warmup complete
{"case":"bf16-k128-m32-n1-contiguous","passed":true,"nmse":2.95057715519e-08,"max_abs":0.0185527801514,"us":0,"offset":9471744,"count":128}
ggml_backend_cuda_graph_compute: CUDA graph warmup complete
{"case":"bf16-k128-m32-n1-permute","passed":true,"nmse":2.89577578585e-08,"max_abs":0.0119985342026,"us":0,"offset":9472256,"count":128}
ggml_backend_cuda_graph_compute: CUDA graph warmup complete
{"case":"bf16-k128-m32-n4-pad2","passed":true,"nmse":5.76707096039e-08,"max_abs":0.0173988342285,"us":0,"offset":9472768,"count":512}
ggml_backend_cuda_graph_compute: CUDA graph warmup complete
{"case":"bf16-k128-m32-n4-pad","passed":true,"nmse":2.32596922576e-14,"max_abs":1.52587890625e-05,"us":0,"offset":9474816,"count":512}
ggml_backend_cuda_graph_compute: CUDA graph warmup complete
{"case":"bf16-k128-m32-n4-contiguous","passed":true,"nmse":2.10133856019e-14,"max_abs":1.14440917969e-05,"us":0,"offset":9476864,"count":512}
ggml_backend_cuda_graph_compute: CUDA graph warmup complete
{"case":"bf16-k128-m32-n4-permute","passed":true,"nmse":2.2180565216e-14,"max_abs":1.52587890625e-05,"us":0,"offset":9478912,"count":512}
ggml_backend_cuda_graph_compute: CUDA graph warmup complete
{"case":"bf16-k128-m32-n8-pad2","passed":true,"nmse":4.59342756007e-08,"max_abs":0.0153579711914,"us":0,"offset":9480960,"count":1024}
ggml_backend_cuda_graph_compute: CUDA graph warmup complete
{"case":"bf16-k128-m32-n8-pad","passed":true,"nmse":2.21159116223e-14,"max_abs":1.52587890625e-05,"us":0,"offset":9485056,"count":1024}
ggml_backend_cuda_graph_compute: CUDA graph warmup complete
{"case":"bf16-k128-m32-n8-contiguous","passed":true,"nmse":2.2689775353e-14,"max_abs":1.52587890625e-05,"us":0,"offset":9489152,"count":1024}
ggml_backend_cuda_graph_compute: CUDA graph warmup complete
{"case":"bf16-k128-m32-n8-permute","passed":true,"nmse":2.02332155521e-14,"max_abs":1.52587890625e-05,"us":0,"offset":9493248,"count":1024}
ggml_backend_cuda_graph_compute: CUDA graph warmup complete
{"case":"bf16-k128-m32-n9-pad2","passed":true,"nmse":2.22090353559e-14,"max_abs":1.52587890625e-05,"us":0,"offset":9497344,"count":1152}
ggml_backend_cuda_graph_compute: CUDA graph warmup complete
{"case":"bf16-k128-m32-n9-pad","passed":true,"nmse":2.17200082938e-14,"max_abs":1.52587890625e-05,"us":0,"offset":9501952,"count":1152}
ggml_backend_cuda_graph_compute: CUDA graph warmup complete
{"case":"bf16-k128-m32-n9-contiguous","passed":true,"nmse":2.20892060131e-14,"max_abs":1.52587890625e-05,"us":0,"offset":9506560,"count":1152}
ggml_backend_cuda_graph_compute: CUDA graph warmup complete
{"case":"bf16-k128-m32-n9-permute","passed":true,"nmse":2.1106991382e-14,"max_abs":1.52587890625e-05,"us":0,"offset":9511168,"count":1152}
ggml_backend_cuda_graph_compute: CUDA graph warmup complete
{"case":"bf16-k128-m32-n16-pad2","passed":true,"nmse":2.25358742071e-14,"max_abs":1.52587890625e-05,"us":0,"offset":9515776,"count":2048}
ggml_backend_cuda_graph_compute: CUDA graph warmup complete
{"case":"bf16-k128-m32-n16-pad","passed":true,"nmse":2.24502069348e-14,"max_abs":1.52587890625e-05,"us":0,"offset":9523968,"count":2048}
ggml_backend_cuda_graph_compute: CUDA graph warmup complete
{"case":"bf16-k128-m32-n16-contiguous","passed":true,"nmse":2.33465238428e-14,"max_abs":1.52587890625e-05,"us":0,"offset":9532160,"count":2048}
ggml_backend_cuda_graph_compute: CUDA graph warmup complete
{"case":"bf16-k128-m32-n16-permute","passed":true,"nmse":2.2487729534e-14,"max_abs":1.52587890625e-05,"us":0,"offset":9540352,"count":2048}
ggml_backend_cuda_graph_compute: CUDA graph warmup complete
{"case":"bf16-k128-m32-n32-pad2","passed":true,"nmse":2.31918947553e-14,"max_abs":1.90734863281e-05,"us":0,"offset":9548544,"count":4096}
ggml_backend_cuda_graph_compute: CUDA graph warmup complete
{"case":"bf16-k128-m32-n32-pad","passed":true,"nmse":2.35814499031e-14,"max_abs":1.90734863281e-05,"us":0,"offset":9564928,"count":4096}
ggml_backend_cuda_graph_compute: CUDA graph warmup complete
{"case":"bf16-k128-m32-n32-contiguous","passed":true,"nmse":2.31722689936e-14,"max_abs":1.52587890625e-05,"us":0,"offset":9581312,"count":4096}
ggml_backend_cuda_graph_compute: CUDA graph warmup complete
{"case":"bf16-k128-m32-n32-permute","passed":true,"nmse":2.30161223309e-14,"max_abs":1.52587890625e-05,"us":0,"offset":9597696,"count":4096}
ggml_backend_cuda_graph_compute: CUDA graph warmup complete
{"case":"bf16-k128-m512-n1-pad2","passed":true,"nmse":2.77919601943e-08,"max_abs":0.0179672241211,"us":0,"offset":9614080,"count":2048}
ggml_backend_cuda_graph_compute: CUDA graph warmup complete
{"case":"bf16-k128-m512-n1-pad","passed":true,"nmse":2.80406827534e-08,"max_abs":0.0184497833252,"us":0,"offset":9622272,"count":2048}
ggml_backend_cuda_graph_compute: CUDA graph warmup complete
{"case":"bf16-k128-m512-n1-contiguous","passed":true,"nmse":2.80419880688e-08,"max_abs":0.0184497833252,"us":0,"offset":9630464,"count":2048}
ggml_backend_cuda_graph_compute: CUDA graph warmup complete
{"case":"bf16-k128-m512-n1-permute","passed":true,"nmse":2.83468853334e-08,"max_abs":0.0184497833252,"us":0,"offset":9638656,"count":2048}
ggml_backend_cuda_graph_compute: CUDA graph warmup complete
{"case":"bf16-k128-m512-n4-pad2","passed":true,"nmse":5.72179596987e-08,"max_abs":0.0158462524414,"us":0,"offset":9646848,"count":8192}
ggml_backend_cuda_graph_compute: CUDA graph warmup complete
{"case":"bf16-k128-m512-n4-pad","passed":true,"nmse":2.29410222309e-14,"max_abs":1.52587890625e-05,"us":0,"offset":9679616,"count":8192}
ggml_backend_cuda_graph_compute: CUDA graph warmup complete
{"case":"bf16-k128-m512-n4-contiguous","passed":true,"nmse":2.28727751663e-14,"max_abs":1.52587890625e-05,"us":0,"offset":9712384,"count":8192}
ggml_backend_cuda_graph_compute: CUDA graph warmup complete
{"case":"bf16-k128-m512-n4-permute","passed":true,"nmse":2.24690190819e-14,"max_abs":1.90734863281e-05,"us":0,"offset":9745152,"count":8192}
ggml_backend_cuda_graph_compute: CUDA graph warmup complete
{"case":"bf16-k128-m512-n8-pad2","passed":true,"nmse":4.91672865073e-08,"max_abs":0.0172233581543,"us":0,"offset":9777920,"count":16384}
ggml_backend_cuda_graph_compute: CUDA graph warmup complete
{"case":"bf16-k128-m512-n8-pad","passed":true,"nmse":2.27360025285e-14,"max_abs":1.52587890625e-05,"us":0,"offset":9843456,"count":16384}
ggml_backend_cuda_graph_compute: CUDA graph warmup complete
{"case":"bf16-k128-m512-n8-contiguous","passed":true,"nmse":2.2274431763e-14,"max_abs":1.90734863281e-05,"us":0,"offset":9908992,"count":16384}
ggml_backend_cuda_graph_compute: CUDA graph warmup complete
{"case":"bf16-k128-m512-n8-permute","passed":true,"nmse":2.27582691833e-14,"max_abs":1.52587890625e-05,"us":0,"offset":9974528,"count":16384}
ggml_backend_cuda_graph_compute: CUDA graph warmup complete
{"case":"bf16-k128-m512-n9-pad2","passed":true,"nmse":2.29483956475e-14,"max_abs":1.90734863281e-05,"us":0,"offset":10040064,"count":18432}
ggml_backend_cuda_graph_compute: CUDA graph warmup complete
{"case":"bf16-k128-m512-n9-pad","passed":true,"nmse":2.28647623377e-14,"max_abs":1.52587890625e-05,"us":0,"offset":10113792,"count":18432}
ggml_backend_cuda_graph_compute: CUDA graph warmup complete
{"case":"bf16-k128-m512-n9-contiguous","passed":true,"nmse":2.25202130934e-14,"max_abs":1.90734863281e-05,"us":0,"offset":10187520,"count":18432}
ggml_backend_cuda_graph_compute: CUDA graph warmup complete
{"case":"bf16-k128-m512-n9-permute","passed":true,"nmse":2.25996149797e-14,"max_abs":1.52587890625e-05,"us":0,"offset":10261248,"count":18432}
ggml_backend_cuda_graph_compute: CUDA graph warmup complete
{"case":"bf16-k128-m512-n16-pad2","passed":true,"nmse":2.34208698651e-14,"max_abs":1.90734863281e-05,"us":0,"offset":10334976,"count":32768}
ggml_backend_cuda_graph_compute: CUDA graph warmup complete
{"case":"bf16-k128-m512-n16-pad","passed":true,"nmse":2.32439637056e-14,"max_abs":1.52587890625e-05,"us":0,"offset":10466048,"count":32768}
ggml_backend_cuda_graph_compute: CUDA graph warmup complete
{"case":"bf16-k128-m512-n16-contiguous","passed":true,"nmse":2.34941577727e-14,"max_abs":1.90734863281e-05,"us":0,"offset":10597120,"count":32768}
ggml_backend_cuda_graph_compute: CUDA graph warmup complete
{"case":"bf16-k128-m512-n16-permute","passed":true,"nmse":2.33328818236e-14,"max_abs":1.90734863281e-05,"us":0,"offset":10728192,"count":32768}
ggml_backend_cuda_graph_compute: CUDA graph warmup complete
{"case":"bf16-k128-m512-n32-pad2","passed":true,"nmse":2.35742463047e-14,"max_abs":1.90734863281e-05,"us":0,"offset":10859264,"count":65536}
ggml_backend_cuda_graph_compute: CUDA graph warmup complete
{"case":"bf16-k128-m512-n32-pad","passed":true,"nmse":2.32800925477e-14,"max_abs":1.90734863281e-05,"us":0,"offset":11121408,"count":65536}
ggml_backend_cuda_graph_compute: CUDA graph warmup complete
{"case":"bf16-k128-m512-n32-contiguous","passed":true,"nmse":2.33086336742e-14,"max_abs":1.90734863281e-05,"us":0,"offset":11383552,"count":65536}
ggml_backend_cuda_graph_compute: CUDA graph warmup complete
{"case":"bf16-k128-m512-n32-permute","passed":true,"nmse":2.32662245505e-14,"max_abs":1.90734863281e-05,"us":0,"offset":11645696,"count":65536}
ggml_backend_cuda_graph_compute: CUDA graph warmup complete
{"case":"bf16-k128-m513-n1-pad2","passed":true,"nmse":4.94066022284e-15,"max_abs":1.14440917969e-05,"us":0,"offset":11907840,"count":2052}
ggml_backend_cuda_graph_compute: CUDA graph warmup complete
{"case":"bf16-k128-m513-n1-pad","passed":true,"nmse":5.16637499884e-15,"max_abs":7.62939453125e-06,"us":0,"offset":11916048,"count":2052}
ggml_backend_cuda_graph_compute: CUDA graph warmup complete
{"case":"bf16-k128-m513-n1-contiguous","passed":true,"nmse":5.10063459577e-15,"max_abs":7.62939453125e-06,"us":0,"offset":11924256,"count":2052}
ggml_backend_cuda_graph_compute: CUDA graph warmup complete
{"case":"bf16-k128-m513-n1-permute","passed":true,"nmse":4.79541369227e-15,"max_abs":1.14440917969e-05,"us":0,"offset":11932464,"count":2052}
ggml_backend_cuda_graph_compute: CUDA graph warmup complete
{"case":"bf16-k128-m513-n4-pad2","passed":true,"nmse":2.27069912835e-14,"max_abs":1.90734863281e-05,"us":0,"offset":11940672,"count":8208}
ggml_backend_cuda_graph_compute: CUDA graph warmup complete
{"case":"bf16-k128-m513-n4-pad","passed":true,"nmse":2.28947494765e-14,"max_abs":1.52587890625e-05,"us":0,"offset":11973504,"count":8208}
ggml_backend_cuda_graph_compute: CUDA graph warmup complete
{"case":"bf16-k128-m513-n4-contiguous","passed":true,"nmse":2.29218616371e-14,"max_abs":1.52587890625e-05,"us":0,"offset":12006336,"count":8208}
ggml_backend_cuda_graph_compute: CUDA graph warmup complete
{"case":"bf16-k128-m513-n4-permute","passed":true,"nmse":2.24747890837e-14,"max_abs":1.90734863281e-05,"us":0,"offset":12039168,"count":8208}
ggml_backend_cuda_graph_compute: CUDA graph warmup complete
{"case":"bf16-k128-m513-n8-pad2","passed":true,"nmse":2.26105187934e-14,"max_abs":1.90734863281e-05,"us":0,"offset":12072000,"count":16416}
ggml_backend_cuda_graph_compute: CUDA graph warmup complete
{"case":"bf16-k128-m513-n8-pad","passed":true,"nmse":2.27358337263e-14,"max_abs":1.52587890625e-05,"us":0,"offset":12137664,"count":16416}
ggml_backend_cuda_graph_compute: CUDA graph warmup complete
{"case":"bf16-k128-m513-n8-contiguous","passed":true,"nmse":2.23004330615e-14,"max_abs":1.90734863281e-05,"us":0,"offset":12203328,"count":16416}
ggml_backend_cuda_graph_compute: CUDA graph warmup complete
{"case":"bf16-k128-m513-n8-permute","passed":true,"nmse":2.26025318629e-14,"max_abs":1.52587890625e-05,"us":0,"offset":12268992,"count":16416}
ggml_backend_cuda_graph_compute: CUDA graph warmup complete
{"case":"bf16-k128-m513-n9-pad2","passed":true,"nmse":2.2911059663e-14,"max_abs":1.90734863281e-05,"us":0,"offset":12334656,"count":18468}
ggml_backend_cuda_graph_compute: CUDA graph warmup complete
{"case":"bf16-k128-m513-n9-pad","passed":true,"nmse":2.29303326942e-14,"max_abs":1.52587890625e-05,"us":0,"offset":12408528,"count":18468}
ggml_backend_cuda_graph_compute: CUDA graph warmup complete
{"case":"bf16-k128-m513-n9-contiguous","passed":true,"nmse":2.24677351864e-14,"max_abs":1.90734863281e-05,"us":0,"offset":12482400,"count":18468}
ggml_backend_cuda_graph_compute: CUDA graph warmup complete
{"case":"bf16-k128-m513-n9-permute","passed":true,"nmse":2.25188864967e-14,"max_abs":1.52587890625e-05,"us":0,"offset":12556272,"count":18468}
ggml_backend_cuda_graph_compute: CUDA graph warmup complete
{"case":"bf16-k128-m513-n16-pad2","passed":true,"nmse":2.33843681422e-14,"max_abs":1.90734863281e-05,"us":0,"offset":12630144,"count":32832}
ggml_backend_cuda_graph_compute: CUDA graph warmup complete
{"case":"bf16-k128-m513-n16-pad","passed":true,"nmse":2.3245047322e-14,"max_abs":1.52587890625e-05,"us":0,"offset":12761472,"count":32832}
ggml_backend_cuda_graph_compute: CUDA graph warmup complete
{"case":"bf16-k128-m513-n16-contiguous","passed":true,"nmse":2.34911775122e-14,"max_abs":1.52587890625e-05,"us":0,"offset":12892800,"count":32832}
ggml_backend_cuda_graph_compute: CUDA graph warmup complete
{"case":"bf16-k128-m513-n16-permute","passed":true,"nmse":2.32824105261e-14,"max_abs":1.90734863281e-05,"us":0,"offset":13024128,"count":32832}
ggml_backend_cuda_graph_compute: CUDA graph warmup complete
{"case":"bf16-k128-m513-n32-pad2","passed":true,"nmse":2.3552085299e-14,"max_abs":1.90734863281e-05,"us":0,"offset":13155456,"count":65664}
ggml_backend_cuda_graph_compute: CUDA graph warmup complete
{"case":"bf16-k128-m513-n32-pad","passed":true,"nmse":2.32645156581e-14,"max_abs":1.90734863281e-05,"us":0,"offset":13418112,"count":65664}
ggml_backend_cuda_graph_compute: CUDA graph warmup complete
{"case":"bf16-k128-m513-n32-contiguous","passed":true,"nmse":2.33529137831e-14,"max_abs":2.28881835938e-05,"us":0,"offset":13680768,"count":65664}
ggml_backend_cuda_graph_compute: CUDA graph warmup complete
{"case":"bf16-k128-m513-n32-permute","passed":true,"nmse":2.33135196852e-14,"max_abs":2.28881835938e-05,"us":0,"offset":13943424,"count":65664}
ggml_backend_cuda_graph_compute: CUDA graph warmup complete
{"case":"bf16-k130-m32-n1-pad2","passed":true,"nmse":3.92087483146e-08,"max_abs":0.0176448822021,"us":0,"offset":14206080,"count":128}
ggml_backend_cuda_graph_compute: CUDA graph warmup complete
{"case":"bf16-k130-m32-n1-pad","passed":true,"nmse":3.71322601971e-08,"max_abs":0.0107078552246,"us":0,"offset":14206592,"count":128}
ggml_backend_cuda_graph_compute: CUDA graph warmup complete
{"case":"bf16-k130-m32-n1-contiguous","passed":true,"nmse":3.59247857048e-08,"max_abs":0.0155258178711,"us":0,"offset":14207104,"count":128}
ggml_backend_cuda_graph_compute: CUDA graph warmup complete
{"case":"bf16-k130-m32-n1-permute","passed":true,"nmse":4.10565511051e-08,"max_abs":0.0165252685547,"us":0,"offset":14207616,"count":128}
ggml_backend_cuda_graph_compute: CUDA graph warmup complete
{"case":"bf16-k130-m32-n4-pad2","passed":true,"nmse":4.68436821564e-08,"max_abs":0.0201168060303,"us":0,"offset":14208128,"count":512}
ggml_backend_cuda_graph_compute: CUDA graph warmup complete
{"case":"bf16-k130-m32-n4-pad","passed":true,"nmse":4.29120497646e-08,"max_abs":0.0150279998779,"us":0,"offset":14210176,"count":512}
ggml_backend_cuda_graph_compute: CUDA graph warmup complete
{"case":"bf16-k130-m32-n4-contiguous","passed":true,"nmse":4.52325098106e-08,"max_abs":0.0165252685547,"us":0,"offset":14212224,"count":512}
ggml_backend_cuda_graph_compute: CUDA graph warmup complete
{"case":"bf16-k130-m32-n4-permute","passed":true,"nmse":4.49835368059e-08,"max_abs":0.0158605575562,"us":0,"offset":14214272,"count":512}
ggml_backend_cuda_graph_compute: CUDA graph warmup complete
{"case":"bf16-k130-m32-n8-pad2","passed":true,"nmse":4.45211419185e-08,"max_abs":0.0201168060303,"us":0,"offset":14216320,"count":1024}
ggml_backend_cuda_graph_compute: CUDA graph warmup complete
{"case":"bf16-k130-m32-n8-pad","passed":true,"nmse":4.26681440869e-08,"max_abs":0.0162487030029,"us":0,"offset":14220416,"count":1024}
ggml_backend_cuda_graph_compute: CUDA graph warmup complete
{"case":"bf16-k130-m32-n8-contiguous","passed":true,"nmse":4.25163160164e-08,"max_abs":0.0165252685547,"us":0,"offset":14224512,"count":1024}
ggml_backend_cuda_graph_compute: CUDA graph warmup complete
{"case":"bf16-k130-m32-n8-permute","passed":true,"nmse":4.25003274355e-08,"max_abs":0.0158605575562,"us":0,"offset":14228608,"count":1024}
ggml_backend_cuda_graph_compute: CUDA graph warmup complete
{"case":"bf16-k130-m32-n9-pad2","passed":true,"nmse":2.40092868705e-14,"max_abs":1.52587890625e-05,"us":0,"offset":14232704,"count":1152}
ggml_backend_cuda_graph_compute: CUDA graph warmup complete
{"case":"bf16-k130-m32-n9-pad","passed":true,"nmse":2.60195663845e-14,"max_abs":1.52587890625e-05,"us":0,"offset":14237312,"count":1152}
ggml_backend_cuda_graph_compute: CUDA graph warmup complete
{"case":"bf16-k130-m32-n9-contiguous","passed":true,"nmse":2.36241607162e-14,"max_abs":1.52587890625e-05,"us":0,"offset":14241920,"count":1152}
ggml_backend_cuda_graph_compute: CUDA graph warmup complete
{"case":"bf16-k130-m32-n9-permute","passed":true,"nmse":2.51282506321e-14,"max_abs":1.52587890625e-05,"us":0,"offset":14246528,"count":1152}
ggml_backend_cuda_graph_compute: CUDA graph warmup complete
{"case":"bf16-k130-m32-n16-pad2","passed":true,"nmse":2.38579233492e-14,"max_abs":1.52587890625e-05,"us":0,"offset":14251136,"count":2048}
ggml_backend_cuda_graph_compute: CUDA graph warmup complete
{"case":"bf16-k130-m32-n16-pad","passed":true,"nmse":2.43421303168e-14,"max_abs":1.52587890625e-05,"us":0,"offset":14259328,"count":2048}
ggml_backend_cuda_graph_compute: CUDA graph warmup complete
{"case":"bf16-k130-m32-n16-contiguous","passed":true,"nmse":2.50147093065e-14,"max_abs":1.52587890625e-05,"us":0,"offset":14267520,"count":2048}
ggml_backend_cuda_graph_compute: CUDA graph warmup complete
{"case":"bf16-k130-m32-n16-permute","passed":true,"nmse":2.47802849598e-14,"max_abs":1.52587890625e-05,"us":0,"offset":14275712,"count":2048}
ggml_backend_cuda_graph_compute: CUDA graph warmup complete
{"case":"bf16-k130-m32-n32-pad2","passed":true,"nmse":2.41737500805e-14,"max_abs":1.90734863281e-05,"us":0,"offset":14283904,"count":4096}
ggml_backend_cuda_graph_compute: CUDA graph warmup complete
{"case":"bf16-k130-m32-n32-pad","passed":true,"nmse":2.43499044936e-14,"max_abs":1.52587890625e-05,"us":0,"offset":14300288,"count":4096}
ggml_backend_cuda_graph_compute: CUDA graph warmup complete
{"case":"bf16-k130-m32-n32-contiguous","passed":true,"nmse":2.55277260224e-14,"max_abs":1.52587890625e-05,"us":0,"offset":14316672,"count":4096}
ggml_backend_cuda_graph_compute: CUDA graph warmup complete
{"case":"bf16-k130-m32-n32-permute","passed":true,"nmse":2.48567901622e-14,"max_abs":1.52587890625e-05,"us":0,"offset":14333056,"count":4096}
ggml_backend_cuda_graph_compute: CUDA graph warmup complete
{"case":"bf16-k130-m512-n1-pad2","passed":true,"nmse":3.87525711428e-08,"max_abs":0.018949508667,"us":0,"offset":14349440,"count":2048}
ggml_backend_cuda_graph_compute: CUDA graph warmup complete
{"case":"bf16-k130-m512-n1-pad","passed":true,"nmse":3.9055304742e-08,"max_abs":0.0203018188477,"us":0,"offset":14357632,"count":2048}
ggml_backend_cuda_graph_compute: CUDA graph warmup complete
{"case":"bf16-k130-m512-n1-contiguous","passed":true,"nmse":3.93506140358e-08,"max_abs":0.0199699401855,"us":0,"offset":14365824,"count":2048}
ggml_backend_cuda_graph_compute: CUDA graph warmup complete
{"case":"bf16-k130-m512-n1-permute","passed":true,"nmse":3.94126333195e-08,"max_abs":0.0197143554688,"us":0,"offset":14374016,"count":2048}
ggml_backend_cuda_graph_compute: CUDA graph warmup complete
{"case":"bf16-k130-m512-n4-pad2","passed":true,"nmse":4.62039824033e-08,"max_abs":0.020824432373,"us":0,"offset":14382208,"count":8192}
ggml_backend_cuda_graph_compute: CUDA graph warmup complete
{"case":"bf16-k130-m512-n4-pad","passed":true,"nmse":4.61087486571e-08,"max_abs":0.0198802947998,"us":0,"offset":14414976,"count":8192}
ggml_backend_cuda_graph_compute: CUDA graph warmup complete
{"case":"bf16-k130-m512-n4-contiguous","passed":true,"nmse":4.62626092027e-08,"max_abs":0.0187015533447,"us":0,"offset":14447744,"count":8192}
ggml_backend_cuda_graph_compute: CUDA graph warmup complete
{"case":"bf16-k130-m512-n4-permute","passed":true,"nmse":4.60607954716e-08,"max_abs":0.0211715698242,"us":0,"offset":14480512,"count":8192}
ggml_backend_cuda_graph_compute: CUDA graph warmup complete
{"case":"bf16-k130-m512-n8-pad2","passed":true,"nmse":4.34923092905e-08,"max_abs":0.020824432373,"us":0,"offset":14513280,"count":16384}
ggml_backend_cuda_graph_compute: CUDA graph warmup complete
{"case":"bf16-k130-m512-n8-pad","passed":true,"nmse":4.34129883556e-08,"max_abs":0.0199680328369,"us":0,"offset":14578816,"count":16384}
ggml_backend_cuda_graph_compute: CUDA graph warmup complete
{"case":"bf16-k130-m512-n8-contiguous","passed":true,"nmse":4.35329908112e-08,"max_abs":0.0173034667969,"us":0,"offset":14644352,"count":16384}
ggml_backend_cuda_graph_compute: CUDA graph warmup complete
{"case":"bf16-k130-m512-n8-permute","passed":true,"nmse":4.34131770513e-08,"max_abs":0.0211715698242,"us":0,"offset":14709888,"count":16384}
ggml_backend_cuda_graph_compute: CUDA graph warmup complete
{"case":"bf16-k130-m512-n9-pad2","passed":true,"nmse":2.34953772932e-14,"max_abs":1.90734863281e-05,"us":0,"offset":14775424,"count":18432}
ggml_backend_cuda_graph_compute: CUDA graph warmup complete
{"case":"bf16-k130-m512-n9-pad","passed":true,"nmse":2.34863172962e-14,"max_abs":1.90734863281e-05,"us":0,"offset":14849152,"count":18432}
ggml_backend_cuda_graph_compute: CUDA graph warmup complete
{"case":"bf16-k130-m512-n9-contiguous","passed":true,"nmse":2.33986633969e-14,"max_abs":1.90734863281e-05,"us":0,"offset":14922880,"count":18432}
ggml_backend_cuda_graph_compute: CUDA graph warmup complete
{"case":"bf16-k130-m512-n9-permute","passed":true,"nmse":2.35919740226e-14,"max_abs":1.90734863281e-05,"us":0,"offset":14996608,"count":18432}
ggml_backend_cuda_graph_compute: CUDA graph warmup complete
{"case":"bf16-k130-m512-n16-pad2","passed":true,"nmse":2.40248154602e-14,"max_abs":1.90734863281e-05,"us":0,"offset":15070336,"count":32768}
ggml_backend_cuda_graph_compute: CUDA graph warmup complete
{"case":"bf16-k130-m512-n16-pad","passed":true,"nmse":2.42541678795e-14,"max_abs":1.90734863281e-05,"us":0,"offset":15201408,"count":32768}
ggml_backend_cuda_graph_compute: CUDA graph warmup complete
{"case":"bf16-k130-m512-n16-contiguous","passed":true,"nmse":2.37379393058e-14,"max_abs":1.90734863281e-05,"us":0,"offset":15332480,"count":32768}
ggml_backend_cuda_graph_compute: CUDA graph warmup complete
{"case":"bf16-k130-m512-n16-permute","passed":true,"nmse":2.37329805366e-14,"max_abs":1.90734863281e-05,"us":0,"offset":15463552,"count":32768}
ggml_backend_cuda_graph_compute: CUDA graph warmup complete
{"case":"bf16-k130-m512-n32-pad2","passed":true,"nmse":2.40121838315e-14,"max_abs":1.90734863281e-05,"us":0,"offset":15594624,"count":65536}
ggml_backend_cuda_graph_compute: CUDA graph warmup complete
{"case":"bf16-k130-m512-n32-pad","passed":true,"nmse":2.42083860123e-14,"max_abs":1.90734863281e-05,"us":0,"offset":15856768,"count":65536}
ggml_backend_cuda_graph_compute: CUDA graph warmup complete
{"case":"bf16-k130-m512-n32-contiguous","passed":true,"nmse":2.41445478621e-14,"max_abs":1.90734863281e-05,"us":0,"offset":16118912,"count":65536}
ggml_backend_cuda_graph_compute: CUDA graph warmup complete
{"case":"bf16-k130-m512-n32-permute","passed":true,"nmse":2.43239488996e-14,"max_abs":1.90734863281e-05,"us":0,"offset":16381056,"count":65536}
ggml_backend_cuda_graph_compute: CUDA graph warmup complete
{"case":"bf16-k130-m513-n1-pad2","passed":true,"nmse":5.4873867956e-15,"max_abs":7.62939453125e-06,"us":0,"offset":16643200,"count":2052}
ggml_backend_cuda_graph_compute: CUDA graph warmup complete
{"case":"bf16-k130-m513-n1-pad","passed":true,"nmse":5.70042760547e-15,"max_abs":1.14440917969e-05,"us":0,"offset":16651408,"count":2052}
ggml_backend_cuda_graph_compute: CUDA graph warmup complete
{"case":"bf16-k130-m513-n1-contiguous","passed":true,"nmse":5.24661242391e-15,"max_abs":7.62939453125e-06,"us":0,"offset":16659616,"count":2052}
ggml_backend_cuda_graph_compute: CUDA graph warmup complete
{"case":"bf16-k130-m513-n1-permute","passed":true,"nmse":5.45202611065e-15,"max_abs":1.14440917969e-05,"us":0,"offset":16667824,"count":2052}
ggml_backend_cuda_graph_compute: CUDA graph warmup complete
{"case":"bf16-k130-m513-n4-pad2","passed":true,"nmse":2.36124730815e-14,"max_abs":1.90734863281e-05,"us":0,"offset":16676032,"count":8208}
ggml_backend_cuda_graph_compute: CUDA graph warmup complete
{"case":"bf16-k130-m513-n4-pad","passed":true,"nmse":2.37774205084e-14,"max_abs":1.90734863281e-05,"us":0,"offset":16708864,"count":8208}
ggml_backend_cuda_graph_compute: CUDA graph warmup complete
{"case":"bf16-k130-m513-n4-contiguous","passed":true,"nmse":2.35296180624e-14,"max_abs":1.52587890625e-05,"us":0,"offset":16741696,"count":8208}
ggml_backend_cuda_graph_compute: CUDA graph warmup complete
{"case":"bf16-k130-m513-n4-permute","passed":true,"nmse":2.39582967039e-14,"max_abs":1.90734863281e-05,"us":0,"offset":16774528,"count":8208}
ggml_backend_cuda_graph_compute: CUDA graph warmup complete
{"case":"bf16-k130-m513-n8-pad2","passed":true,"nmse":2.35120795786e-14,"max_abs":1.90734863281e-05,"us":0,"offset":16807360,"count":16416}
ggml_backend_cuda_graph_compute: CUDA graph warmup complete
{"case":"bf16-k130-m513-n8-pad","passed":true,"nmse":2.35907023363e-14,"max_abs":1.90734863281e-05,"us":0,"offset":16873024,"count":16416}
ggml_backend_cuda_graph_compute: CUDA graph warmup complete
{"case":"bf16-k130-m513-n8-contiguous","passed":true,"nmse":2.34945838706e-14,"max_abs":1.90734863281e-05,"us":0,"offset":16938688,"count":16416}
ggml_backend_cuda_graph_compute: CUDA graph warmup complete
{"case":"bf16-k130-m513-n8-permute","passed":true,"nmse":2.36905484747e-14,"max_abs":1.90734863281e-05,"us":0,"offset":17004352,"count":16416}
ggml_backend_cuda_graph_compute: CUDA graph warmup complete
{"case":"bf16-k130-m513-n9-pad2","passed":true,"nmse":2.35015945672e-14,"max_abs":1.90734863281e-05,"us":0,"offset":17070016,"count":18468}
ggml_backend_cuda_graph_compute: CUDA graph warmup complete
{"case":"bf16-k130-m513-n9-pad","passed":true,"nmse":2.34840788347e-14,"max_abs":1.90734863281e-05,"us":0,"offset":17143888,"count":18468}
ggml_backend_cuda_graph_compute: CUDA graph warmup complete
{"case":"bf16-k130-m513-n9-contiguous","passed":true,"nmse":2.33766988303e-14,"max_abs":1.90734863281e-05,"us":0,"offset":17217760,"count":18468}
ggml_backend_cuda_graph_compute: CUDA graph warmup complete
{"case":"bf16-k130-m513-n9-permute","passed":true,"nmse":2.35878219243e-14,"max_abs":1.90734863281e-05,"us":0,"offset":17291632,"count":18468}
ggml_backend_cuda_graph_compute: CUDA graph warmup complete
{"case":"bf16-k130-m513-n16-pad2","passed":true,"nmse":2.4056998812e-14,"max_abs":1.90734863281e-05,"us":0,"offset":17365504,"count":32832}
ggml_backend_cuda_graph_compute: CUDA graph warmup complete
{"case":"bf16-k130-m513-n16-pad","passed":true,"nmse":2.42657882358e-14,"max_abs":1.90734863281e-05,"us":0,"offset":17496832,"count":32832}
ggml_backend_cuda_graph_compute: CUDA graph warmup complete
{"case":"bf16-k130-m513-n16-contiguous","passed":true,"nmse":2.37252388312e-14,"max_abs":1.90734863281e-05,"us":0,"offset":17628160,"count":32832}
ggml_backend_cuda_graph_compute: CUDA graph warmup complete
{"case":"bf16-k130-m513-n16-permute","passed":true,"nmse":2.37239074591e-14,"max_abs":1.90734863281e-05,"us":0,"offset":17759488,"count":32832}
ggml_backend_cuda_graph_compute: CUDA graph warmup complete
{"case":"bf16-k130-m513-n32-pad2","passed":true,"nmse":2.39975112315e-14,"max_abs":1.90734863281e-05,"us":0,"offset":17890816,"count":65664}
ggml_backend_cuda_graph_compute: CUDA graph warmup complete
{"case":"bf16-k130-m513-n32-pad","passed":true,"nmse":2.41980876338e-14,"max_abs":1.90734863281e-05,"us":0,"offset":18153472,"count":65664}
ggml_backend_cuda_graph_compute: CUDA graph warmup complete
{"case":"bf16-k130-m513-n32-contiguous","passed":true,"nmse":2.41341904093e-14,"max_abs":1.90734863281e-05,"us":0,"offset":18416128,"count":65664}
ggml_backend_cuda_graph_compute: CUDA graph warmup complete
{"case":"bf16-k130-m513-n32-permute","passed":true,"nmse":2.43131671369e-14,"max_abs":1.90734863281e-05,"us":0,"offset":18678784,"count":65664}
