ggml_cuda_init: found 1 CUDA devices (Total VRAM: 48508 MiB):
  Device 0: NVIDIA GeForce RTX 4090, compute capability 8.9, VMM: yes, VRAM: 48508 MiB
LOADED blk.2.exp_probs_b.bias 1536 bytes
LOADED blk.2.exp_probs_b_vl.bias 1536 bytes
LOADED blk.2.ffn_down_exps.weight 1946419200 bytes
LOADED blk.2.ffn_down_shexp.weight 9676800 bytes
LOADED blk.2.ffn_gate_exps.weight 1486356480 bytes
LOADED blk.2.ffn_gate_inp.weight 3932160 bytes
LOADED blk.2.ffn_gate_shexp.weight 8110080 bytes
LOADED blk.2.ffn_norm.weight 20480 bytes
LOADED blk.2.ffn_up_exps.weight 1486356480 bytes
LOADED blk.2.ffn_up_shexp.weight 8110080 bytes
DONE inputw1-batch1-repeat max_capture=0
DONE inputw1-batch2-repeat max_capture=2.4959445e-05
DONE inputw1-batch4-repeat max_capture=2.4959445e-05
DONE inputw2-batch1-repeat max_capture=2.49519944e-05
DONE inputw2-batch2-repeat max_capture=0
DONE inputw2-batch2-actual max_capture=0
DONE inputw2-batch4-repeat max_capture=0
DONE inputw4-batch1-repeat max_capture=2.49743462e-05
DONE inputw4-batch2-repeat max_capture=0
DONE inputw4-batch4-repeat max_capture=0
DONE inputw4-batch4-actual max_capture=0
Collecting data...
Generating '/tmp/nsys-report-b04a.qdstrm'
[1/1] [0%                          ] ffn-ada-profile.nsys-rep[1/1] [0%                          ] ffn-ada-profile.nsys-rep[1/1] [=========45%                ] ffn-ada-profile.nsys-rep[1/1] [================68%         ] ffn-ada-profile.nsys-rep[1/1] [======================91%   ] ffn-ada-profile.nsys-rep[1/1] [========================100%] ffn-ada-profile.nsys-rep[1/1] [========================100%] ffn-ada-profile.nsys-rep
Generated:
	/home/sergei/_my_sync/llama_upstream_review/stage11/ffn-ada-profile.nsys-rep
